// Jest Snapshot v1, https://goo.gl/fbAQLP

exports[`PaletteControls PaletteControls component should properly render the component elements 1`] = `""`;
