// Jest Snapshot v1, https://goo.gl/fbAQLP

exports[`App App component should properly render the component elements 1`] = `
<div
  className="App"
>
  <header
    className="App-header"
  >
    <Header />
    <ParentSection />
  </header>
</div>
`;
