// Jest Snapshot v1, https://goo.gl/fbAQLP

exports[`ProjectControls should properly render the component elements 1`] = `undefined`;
