// Jest Snapshot v1, https://goo.gl/fbAQLP

exports[`ColorBox ColorBox component should properly render the component elements 1`] = `undefined`;
