// Jest Snapshot v1, https://goo.gl/fbAQLP

exports[`PaletteSection PaletteSection compoment should properly render the component elements 1`] = `
<div
  className="PaletteSection"
>
  <Connect(PaletteControls) />
  <Connect(ColorBox) />
</div>
`;
